{"key": "processing.projectBasedDocOrgMatching.docOrgReference", "type":"COUNTER", "value": "4"}
{"key": "processing.projectBasedDocOrgMatching.doc", "type":"COUNTER", "value": "3"}